------------------------------------------------------------
Timing Analyzer Summary
------------------------------------------------------------

Type  : Slow 1100mV 85C Model Setup 'clk'
Slack : -1.722
TNS   : -65.737

Type  : Slow 1100mV 85C Model Hold 'clk'
Slack : 0.278
TNS   : 0.000

Type  : Slow 1100mV 85C Model Minimum Pulse Width 'clk'
Slack : -0.724
TNS   : -55.610

Type  : Slow 1100mV 0C Model Setup 'clk'
Slack : -1.840
TNS   : -63.132

Type  : Slow 1100mV 0C Model Hold 'clk'
Slack : 0.269
TNS   : 0.000

Type  : Slow 1100mV 0C Model Minimum Pulse Width 'clk'
Slack : -0.724
TNS   : -55.492

Type  : Fast 1100mV 85C Model Setup 'clk'
Slack : -0.135
TNS   : -0.446

Type  : Fast 1100mV 85C Model Hold 'clk'
Slack : 0.137
TNS   : 0.000

Type  : Fast 1100mV 85C Model Minimum Pulse Width 'clk'
Slack : -0.091
TNS   : -4.407

Type  : Fast 1100mV 0C Model Setup 'clk'
Slack : -0.057
TNS   : -0.122

Type  : Fast 1100mV 0C Model Hold 'clk'
Slack : 0.126
TNS   : 0.000

Type  : Fast 1100mV 0C Model Minimum Pulse Width 'clk'
Slack : -0.091
TNS   : -4.422

------------------------------------------------------------
